###############################################################################
#
# IAR ELF Linker V3.11.1.207 for STM8                     04/Oct/2021  15:34:28
# Copyright 2010-2019 IAR Systems AB.
#
#    Output file  =  C:\Work\Projects\remote\Debug\Exe\remote.out
#    Map file     =  C:\Work\Projects\remote\Debug\List\remote.map
#    Command line =  
#        -f C:\Users\username\AppData\Local\Temp\EWD2F5.tmp
#        (C:\Work\Projects\remote\Debug\Obj\delay.o
#        C:\Work\Projects\remote\Debug\Obj\lora.o
#        C:\Work\Projects\remote\Debug\Obj\main.o
#        C:\Work\Projects\remote\Debug\Obj\stm8l15x_adc.o
#        C:\Work\Projects\remote\Debug\Obj\stm8l15x_clk.o
#        C:\Work\Projects\remote\Debug\Obj\stm8l15x_gpio.o
#        C:\Work\Projects\remote\Debug\Obj\stm8l15x_it.o
#        C:\Work\Projects\remote\Debug\Obj\stm8l15x_spi.o --redirect
#        _Printf=_PrintfFullNoMb --redirect _Scanf=_ScanfFullNoMb
#        --no_out_extension -o C:\Work\Projects\remote\Debug\Exe\remote.out
#        --map C:\Work\Projects\remote\Debug\List\remote.map --config
#        "C:\Work\IAR Systems\Embedded Workbench
#        8.3\stm8\config\lnkstm8l152c6.icf" --config_def _CSTACK_SIZE=0x100
#        --config_def _HEAP_SIZE=0x100 --entry __iar_program_start --debug_lib)
#
###############################################################################

*******************************************************************************
*** RUNTIME MODEL ATTRIBUTES
***

__SystemLibrary            = DLib
__code_model               = small
__core                     = stm8
__data_model               = medium
__dlib_file_descriptor     = 0
__dlib_full_locale_support = 0
__rt_version               = 4


*******************************************************************************
*** PLACEMENT SUMMARY
***

"A0":  place at start of [0x000000-0x0000ff] { rw section .vregs };
"A1":  place at end of [0x000000-0x0007ff] { block CSTACK };
"P2":  place in [from 0x000000 to 0x0007ff] {
          block HEAP, rw section __DLIB_PERTHREAD, rw section .far.bss,
          rw section .far.data, rw section .far.noinit,
          rw section .far_func.textrw, rw section .huge.bss,
          rw section .huge.data, rw section .huge.noinit,
          rw section .huge_func.textrw, rw section .iar.dynexit,
          rw section .near.bss, rw section .near.data, rw section .near.noinit,
          rw section .near_func.textrw };
"A2":  place at start of [0x008000-0x00ffff] { block INTVEC };
"P3":  place in [from 0x008000 to 0x00ffff] {
          ro section __DLIB_PERTHREAD_init, ro section .far.data_init,
          ro section .far_func.textrw_init, ro section .huge.data_init,
          ro section .huge_func.textrw_init, ro section .iar.init_table,
          ro section .init_array, ro section .near.data_init,
          ro section .near.rodata, ro section .near_func.text,
          ro section .near_func.textrw_init, ro section .tiny.data_init,
          ro section .tiny.rodata_init };
"P4":  place in [from 0x008000 to 0x00ffff] {
          ro section .far.rodata, ro section .far_func.text };
"P5":  place in [from 0x008000 to 0x00ffff] {
          ro section .huge.rodata, ro section .huge_func.text };
do not initialize {
   rw section .eeprom.noinit, rw section .far.noinit, rw section .huge.noinit,
   rw section .near.noinit, rw section .tiny.noinit, rw section .vregs };

No sections matched the following patterns:

  ro section .far.data_init          in "P3-P5"
  ro section .far.rodata             in "P3-P5"
  ro section .far_func.text          in "P3-P5"
  ro section .far_func.textrw_init   in "P3-P5"
  ro section .huge.data_init         in "P3-P5"
  ro section .huge.rodata            in "P3-P5"
  ro section .huge_func.text         in "P3-P5"
  ro section .huge_func.textrw_init  in "P3-P5"
  ro section .iar.init_table         in "P3-P5"
  ro section .init_array             in "P3-P5"
  ro section .near.data_init         in "P3-P5"
  ro section .near_func.textrw_init  in "P3-P5"
  ro section .tiny.data_init         in "P3-P5"
  ro section .tiny.rodata_init       in "P3-P5"
  ro section __DLIB_PERTHREAD_init   in "P3-P5"
  rw section .far.bss                in "P2"
  rw section .far.data               in "P2"
  rw section .far.noinit             in "P2"
  rw section .far_func.textrw        in "P2"
  rw section .huge.bss               in "P2"
  rw section .huge.data              in "P2"
  rw section .huge.noinit            in "P2"
  rw section .huge_func.textrw       in "P2"
  rw section .iar.dynexit            in "P2"
  rw section .near.data              in "P2"
  rw section .near.noinit            in "P2"
  rw section .near_func.textrw       in "P2"
  rw section .tiny.bss               in "P1"
  rw section .tiny.data              in "P1"
  rw section .tiny.noinit            in "P1"
  rw section .tiny.rodata            in "P1"
  rw section __DLIB_PERTHREAD        in "P2"
  section .eeprom.data               in "P6-P8"
  section .eeprom.noinit             in "P6-P8"
  section .eeprom.rodata             in "P6-P8"


  Section          Kind      Address    Size  Object
  -------          ----      -------    ----  ------
"A0":                                   0x10
  .vregs           uninit   0x000000    0x10  vregs.o [4]
                          - 0x000010    0x10

"P2":                                    0x8
  .near.bss        zero     0x000010     0x2  main.o [1]
  .near.bss        zero     0x000012     0x2  main.o [1]
  .near.bss        zero     0x000014     0x2  main.o [1]
  .near.bss        zero     0x000016     0x2  main.o [1]
                          - 0x000018     0x8

"A1":                                  0x100
  CSTACK                    0x000700   0x100  <Block>
    CSTACK         uninit   0x000700   0x100  <Block tail>
                          - 0x000800   0x100

"A2":                                   0x80
  INTVEC                    0x008000    0x80  <Block>
    .intvec        const    0x008000    0x80  interrupt.o [4]
                          - 0x008080    0x80

"P3-P5":                              0x10c2
  .near_func.text  ro code  0x008080   0x28b  float.o [4]
  .near_func.text  ro code  0x00830b   0x222  main.o [1]
  .near_func.text  ro code  0x00852d   0x211  lora.o [1]
  .near_func.text  ro code  0x00873e   0x17f  main.o [1]
  .near_func.text  ro code  0x0088bd    0xed  lora.o [1]
  .near_func.text  ro code  0x0089aa    0xcb  xdint.o [4]
  .near_func.text  ro code  0x008a75    0xa6  long.o [4]
  .near_func.text  ro code  0x008b1b    0x9e  vreg_util.o [4]
  .near_func.text  ro code  0x008bb9    0x8e  stm8l15x_gpio.o [1]
  .near_func.text  ro code  0x008c47    0x89  stm8l15x_clk.o [1]
  .near_func.text  ro code  0x008cd0    0x55  stm8l15x_adc.o [1]
  .near_func.text  ro code  0x008d25    0x55  stm8l15x_adc.o [1]
  .near_func.text  ro code  0x008d7a    0x51  lora.o [1]
  .near_func.text  ro code  0x008dcb    0x51  lora.o [1]
  .near_func.text  ro code  0x008e1c    0x47  long_util.o [4]
  .near_func.text  ro code  0x008e63    0x43  delay.o [1]
  .near_func.text  ro code  0x008ea6    0x41  stm8l15x_spi.o [1]
  .near_func.text  ro code  0x008ee7    0x3a  floor.o [4]
  .near_func.text  ro code  0x008f21    0x30  lora.o [1]
  .near_func.text  ro code  0x008f51    0x2c  stm8l15x_gpio.o [1]
  .near_func.text  ro code  0x008f7d    0x2b  stm8l15x_adc.o [1]
  .near_func.text  ro code  0x008fa8    0x29  short.o [4]
  .near_func.text  ro code  0x008fd1    0x24  stm8l15x_adc.o [1]
  .iar.init_table  const    0x008ff5     0x8  - Linker created -
  .near_func.text  ro code  0x008ffd    0x1e  init_small.o [4]
  .near_func.text  ro code  0x00901b    0x1b  lora.o [1]
  .near_func.text  ro code  0x009036    0x1a  stm8l15x_spi.o [1]
  .near_func.text  ro code  0x009050    0x1a  stm8l15x_spi.o [1]
  .near_func.text  ro code  0x00906a    0x18  dc_util.o [4]
  .near_func.text  ro code  0x009082    0x14  init.o [4]
  .near_func.text  ro code  0x009096    0x14  __dbg_xxexit.o [3]
  .near_func.text  ro code  0x0090aa    0x13  cstartup.o [4]
  .near_func.text  ro code  0x0090bd     0xd  stm8l15x_adc.o [1]
  .near_func.text  ro code  0x0090ca     0xd  stm8l15x_clk.o [1]
  .near_func.text  ro code  0x0090d7     0xd  move.o [4]
  .near.rodata     const    0x0090e4     0xc  main.o [1]
  .near_func.text  ro code  0x0090f0     0xa  stm8l15x_clk.o [1]
  .near_func.text  ro code  0x0090fa     0x7  stm8l15x_gpio.o [1]
  .near_func.text  ro code  0x009101     0x5  stm8l15x_adc.o [1]
  .near_func.text  ro code  0x009106     0x5  cexit.o [4]
  .near_func.text  ro code  0x00910b     0x4  stm8l15x_clk.o [1]
  .near_func.text  ro code  0x00910f     0x4  stm8l15x_clk.o [1]
  .near_func.text  ro code  0x009113     0x4  stm8l15x_gpio.o [1]
  .near_func.text  ro code  0x009117     0x3  interrupt.o [4]
  .near_func.text  ro code  0x00911a     0x3  low_level_init.o [4]
  .near_func.text  ro code  0x00911d     0x3  exit.o [4]
  .near_func.text  ro code  0x009120     0x3  unhandled_exception.o [4]
  .near_func.text  ro code  0x009123     0x1  stm8l15x_it.o [1]
  .near_func.text  ro code  0x009124     0x1  stm8l15x_it.o [1]
  .near_func.text  ro code  0x009125     0x1  stm8l15x_it.o [1]
  .near_func.text  ro code  0x009126     0x1  stm8l15x_it.o [1]
  .near_func.text  ro code  0x009127     0x1  stm8l15x_it.o [1]
  .near_func.text  ro code  0x009128     0x1  stm8l15x_it.o [1]
  .near_func.text  ro code  0x009129     0x1  stm8l15x_it.o [1]
  .near_func.text  ro code  0x00912a     0x1  stm8l15x_it.o [1]
  .near_func.text  ro code  0x00912b     0x1  stm8l15x_it.o [1]
  .near_func.text  ro code  0x00912c     0x1  stm8l15x_it.o [1]
  .near_func.text  ro code  0x00912d     0x1  stm8l15x_it.o [1]
  .near_func.text  ro code  0x00912e     0x1  stm8l15x_it.o [1]
  .near_func.text  ro code  0x00912f     0x1  stm8l15x_it.o [1]
  .near_func.text  ro code  0x009130     0x1  stm8l15x_it.o [1]
  .near_func.text  ro code  0x009131     0x1  stm8l15x_it.o [1]
  .near_func.text  ro code  0x009132     0x1  stm8l15x_it.o [1]
  .near_func.text  ro code  0x009133     0x1  stm8l15x_it.o [1]
  .near_func.text  ro code  0x009134     0x1  stm8l15x_it.o [1]
  .near_func.text  ro code  0x009135     0x1  stm8l15x_it.o [1]
  .near_func.text  ro code  0x009136     0x1  stm8l15x_it.o [1]
  .near_func.text  ro code  0x009137     0x1  stm8l15x_it.o [1]
  .near_func.text  ro code  0x009138     0x1  stm8l15x_it.o [1]
  .near_func.text  ro code  0x009139     0x1  stm8l15x_it.o [1]
  .near_func.text  ro code  0x00913a     0x1  stm8l15x_it.o [1]
  .near_func.text  ro code  0x00913b     0x1  stm8l15x_it.o [1]
  .near_func.text  ro code  0x00913c     0x1  stm8l15x_it.o [1]
  .near_func.text  ro code  0x00913d     0x1  stm8l15x_it.o [1]
  .near_func.text  ro code  0x00913e     0x1  stm8l15x_it.o [1]
  .near_func.text  ro code  0x00913f     0x1  stm8l15x_it.o [1]
  .near_func.text  ro code  0x009140     0x1  stm8l15x_it.o [1]
  .near_func.text  ro code  0x009141     0x1  __dbg_break.o [3]
                          - 0x009142  0x10c2


*******************************************************************************
*** INIT TABLE
***

          Address   Size
          -------   ----
Zero (__iar_zero_init2)
    1 destination range, total size 0x8:
          0x000010   0x8



*******************************************************************************
*** MODULE SUMMARY
***

    Module                 ro code  ro data  rw data
    ------                 -------  -------  -------
C:\Work\Projects\remote\Debug\Obj: [1]
    delay.o                     67
    lora.o                   1 003
    main.o                     929       12        8
    stm8l15x_adc.o             267
    stm8l15x_clk.o             168
    stm8l15x_gpio.o            197
    stm8l15x_it.o               30
    stm8l15x_spi.o             117
    ------------------------------------------------
    Total:                   2 778       12        8

command line: [2]
    ------------------------------------------------
    Total:

dbgstm8smd.a: [3]
    __dbg_break.o                1
    __dbg_xxexit.o              20
    ------------------------------------------------
    Total:                      21

dlstm8smn.a: [4]
    cexit.o                      5
    cstartup.o                  19
    dc_util.o                   24
    exit.o                       3
    float.o                    651
    floor.o                     58
    init.o                      20
    init_small.o                30
    interrupt.o                  3      128
    long.o                     166
    long_util.o                 71
    low_level_init.o             3
    move.o                      13
    short.o                     41
    unhandled_exception.o        3
    vreg_util.o                158
    vregs.o                                       16
    xdint.o                    203
    ------------------------------------------------
    Total:                   1 471      128       16

    Linker created                        8      256
----------------------------------------------------
    Grand Total:             4 270      148      280


*******************************************************************************
*** ENTRY LIST
***

Entry                    Address   Size  Type      Object
-----                    -------   ----  ----      ------
.iar.init_table$$Base   0x008ff5          --   Gb  - Linker created -
.iar.init_table$$Limit  0x008ffd          --   Gb  - Linker created -
?b0                     0x000000         Data  Gb  vregs.o [4]
?b1                     0x000001         Data  Gb  vregs.o [4]
?b10                    0x00000a         Data  Gb  vregs.o [4]
?b11                    0x00000b         Data  Gb  vregs.o [4]
?b12                    0x00000c         Data  Gb  vregs.o [4]
?b13                    0x00000d         Data  Gb  vregs.o [4]
?b14                    0x00000e         Data  Gb  vregs.o [4]
?b15                    0x00000f         Data  Gb  vregs.o [4]
?b2                     0x000002         Data  Gb  vregs.o [4]
?b3                     0x000003         Data  Gb  vregs.o [4]
?b4                     0x000004         Data  Gb  vregs.o [4]
?b5                     0x000005         Data  Gb  vregs.o [4]
?b6                     0x000006         Data  Gb  vregs.o [4]
?b7                     0x000007         Data  Gb  vregs.o [4]
?b8                     0x000008         Data  Gb  vregs.o [4]
?b9                     0x000009         Data  Gb  vregs.o [4]
?dc32_l1                0x00906a         Code  Gb  dc_util.o [4]
?dc32_px                0x009077         Code  Gb  dc_util.o [4]
?e0                     0x000001         Data  Gb  vregs.o [4]
?e1                     0x000005         Data  Gb  vregs.o [4]
?e2                     0x000009         Data  Gb  vregs.o [4]
?e3                     0x00000d         Data  Gb  vregs.o [4]
?epilogue_l2            0x008b8a         Code  Gb  vreg_util.o [4]
?epilogue_l2_l3         0x008b87         Code  Gb  vreg_util.o [4]
?epilogue_w4            0x008b8e         Code  Gb  vreg_util.o [4]
?fadd32_l0_l0_dc32      0x00809d         Code  Gb  float.o [4]
?fadd32_l0_l0_l1        0x0080a2         Code  Gb  float.o [4]
?fcastf32u16_l0_x       0x0081cb         Code  Gb  float.o [4]
?fcasts16f32_x_l0       0x0081e9         Code  Gb  float.o [4]
?fcmplt32_c_l0_0x       0x008175         Code  Gb  float.o [4]
?fcmplt32_c_l0_dc32     0x008170         Code  Gb  float.o [4]
?l0                     0x000000         Data  Gb  vregs.o [4]
?l1                     0x000004         Data  Gb  vregs.o [4]
?l2                     0x000008         Data  Gb  vregs.o [4]
?l3                     0x00000c         Data  Gb  vregs.o [4]
?load32_0x_l2           0x008e55         Code  Gb  long_util.o [4]
?load32_asp_l2          0x008e49         Code  Gb  long_util.o [4]
?load32_dbsp_l2         0x008e44         Code  Gb  long_util.o [4]
?load32_l0_0x           0x008e2c         Code  Gb  long_util.o [4]
?load32_l0_asp          0x008e21         Code  Gb  long_util.o [4]
?load32_l0_dbsp         0x008e1c         Code  Gb  long_util.o [4]
?load32_l0_xsp          0x008e23         Code  Gb  long_util.o [4]
?load32_l1_0x           0x008e38         Code  Gb  long_util.o [4]
?load32_xsp_l2          0x008e4b         Code  Gb  long_util.o [4]
?mov_e0_e1              0x008b95         Code  Gb  vreg_util.o [4]
?mov_e0_e2              0x008ba2         Code  Gb  vreg_util.o [4]
?mov_e2_e0              0x008baf         Code  Gb  vreg_util.o [4]
?mov_l0_l1              0x008b92         Code  Gb  vreg_util.o [4]
?mov_l0_l2              0x008b9f         Code  Gb  vreg_util.o [4]
?mov_l2_l0              0x008bac         Code  Gb  vreg_util.o [4]
?mov_w1_w3              0x008b98         Code  Gb  vreg_util.o [4]
?mov_w1_w5              0x008ba5         Code  Gb  vreg_util.o [4]
?mov_w5_w1              0x008bb2         Code  Gb  vreg_util.o [4]
?move1616_v_x_y_a       0x0090d7         Code  Gb  move.o [4]
?mul32_l0_l0_0x         0x008a78         Code  Gb  long.o [4]
?mul32_l0_l0_dl         0x008a75         Code  Gb  long.o [4]
?mul32_l0_l0_l1         0x008a81         Code  Gb  long.o [4]
?pop_l2                 0x008b69         Code  Gb  vreg_util.o [4]
?pop_l3                 0x008b74         Code  Gb  vreg_util.o [4]
?pop_w4                 0x008b33         Code  Gb  vreg_util.o [4]
?push_l2                0x008b42         Code  Gb  vreg_util.o [4]
?push_l3                0x008b47         Code  Gb  vreg_util.o [4]
?push_w4                0x008b1b         Code  Gb  vreg_util.o [4]
?sdiv16_x_x_y           0x008fa8         Code  Gb  short.o [4]
?sext32_l0_x            0x008b10         Code  Gb  long.o [4]
?sll16_x_x_a            0x008fc1         Code  Gb  short.o [4]
?sra32_0x_0x_a          0x008b02         Code  Gb  long.o [4]
?sra32_l0_l0_a          0x008aff         Code  Gb  long.o [4]
?srl16_x_x_4            0x008fcc         Code  Gb  short.o [4]
?srl16_x_x_5            0x008fcb         Code  Gb  short.o [4]
?srl16_x_x_6            0x008fca         Code  Gb  short.o [4]
?srl16_x_x_7            0x008fc9         Code  Gb  short.o [4]
?w0                     0x000000         Data  Gb  vregs.o [4]
?w1                     0x000002         Data  Gb  vregs.o [4]
?w2                     0x000004         Data  Gb  vregs.o [4]
?w3                     0x000006         Data  Gb  vregs.o [4]
?w4                     0x000008         Data  Gb  vregs.o [4]
?w5                     0x00000a         Data  Gb  vregs.o [4]
?w6                     0x00000c         Data  Gb  vregs.o [4]
?w7                     0x00000e         Data  Gb  vregs.o [4]
ADC1_COMP_IRQHandler    0x009135    0x1  Code  Gb  stm8l15x_it.o [1]
ADC_ChannelCmd          0x008d25   0x55  Code  Gb  stm8l15x_adc.o [1]
ADC_Cmd                 0x0090bd    0xd  Code  Gb  stm8l15x_adc.o [1]
ADC_DeInit              0x008cd0   0x55  Code  Gb  stm8l15x_adc.o [1]
ADC_GetConversionValue  0x008f7d   0x2b  Code  Gb  stm8l15x_adc.o [1]
ADC_Init                0x008fd1   0x24  Code  Gb  stm8l15x_adc.o [1]
ADC_SoftwareStartConv   0x009101    0x5  Code  Gb  stm8l15x_adc.o [1]
CLK_PeripheralClockConfig
                        0x008c47   0x89  Code  Gb  stm8l15x_clk.o [1]
CLK_RTCClockConfig      0x0090f0    0xa  Code  Gb  stm8l15x_clk.o [1]
CLK_SYSCLKDivConfig     0x00910f    0x4  Code  Gb  stm8l15x_clk.o [1]
CLK_SYSCLKSourceConfig  0x00910b    0x4  Code  Gb  stm8l15x_clk.o [1]
CLK_SYSCLKSourceSwitchCmd
                        0x0090ca    0xd  Code  Gb  stm8l15x_clk.o [1]
CSTACK$$Base            0x000700          --   Gb  - Linker created -
CSTACK$$Limit           0x000800          --   Gb  - Linker created -
DMA1_CHANNEL0_1_IRQHandler
                        0x009125    0x1  Code  Gb  stm8l15x_it.o [1]
DMA1_CHANNEL2_3_IRQHandler
                        0x009126    0x1  Code  Gb  stm8l15x_it.o [1]
EXTI0_IRQHandler        0x00912b    0x1  Code  Gb  stm8l15x_it.o [1]
EXTI1_IRQHandler        0x00912c    0x1  Code  Gb  stm8l15x_it.o [1]
EXTI2_IRQHandler        0x00912d    0x1  Code  Gb  stm8l15x_it.o [1]
EXTI3_IRQHandler        0x00912e    0x1  Code  Gb  stm8l15x_it.o [1]
EXTI4_IRQHandler        0x00912f    0x1  Code  Gb  stm8l15x_it.o [1]
EXTI5_IRQHandler        0x009130    0x1  Code  Gb  stm8l15x_it.o [1]
EXTI6_IRQHandler        0x009131    0x1  Code  Gb  stm8l15x_it.o [1]
EXTI7_IRQHandler        0x009132    0x1  Code  Gb  stm8l15x_it.o [1]
EXTIB_G_IRQHandler      0x009129    0x1  Code  Gb  stm8l15x_it.o [1]
EXTID_H_IRQHandler      0x00912a    0x1  Code  Gb  stm8l15x_it.o [1]
EXTIE_F_PVD_IRQHandler  0x009128    0x1  Code  Gb  stm8l15x_it.o [1]
FLASH_IRQHandler        0x009124    0x1  Code  Gb  stm8l15x_it.o [1]
GPIO_ExternalPullUpConfig
                        0x008f51   0x2c  Code  Gb  stm8l15x_gpio.o [1]
GPIO_Init               0x008bb9   0x8e  Code  Gb  stm8l15x_gpio.o [1]
GPIO_ResetBits          0x009113    0x4  Code  Gb  stm8l15x_gpio.o [1]
GPIO_SetBits            0x0090fa    0x7  Code  Gb  stm8l15x_gpio.o [1]
I2C1_SPI2_IRQHandler    0x009140    0x1  Code  Gb  stm8l15x_it.o [1]
INTVEC$$Base            0x008000          --   Gb  - Linker created -
INTVEC$$Limit           0x008080          --   Gb  - Linker created -
LCD_AES_IRQHandler      0x009133    0x1  Code  Gb  stm8l15x_it.o [1]
LoRa_BurstWrite         0x008689   0x37  Code  Gb  lora.o [1]
LoRa_gotoMode           0x00852d   0x63  Code  Gb  lora.o [1]
LoRa_init               0x0088bd   0xed  Code  Gb  lora.o [1]
LoRa_isvalid            0x0086c0    0x3  Code  Gb  lora.o [1]
LoRa_read               0x008d7a   0x51  Code  Gb  lora.o [1]
LoRa_reset              0x00901b   0x1b  Code  Gb  lora.o [1]
LoRa_setFrequency       0x008590   0x42  Code  Gb  lora.o [1]
LoRa_setOCP             0x00862c   0x49  Code  Gb  lora.o [1]
LoRa_setPower           0x00861f    0xd  Code  Gb  lora.o [1]
LoRa_setSpreadingFactor
                        0x0085d2   0x4d  Code  Gb  lora.o [1]
LoRa_setTOMsb_setCRCon  0x008675   0x14  Code  Gb  lora.o [1]
LoRa_transmit           0x0086c3   0x7b  Code  Gb  lora.o [1]
LoRa_write              0x008dcb   0x51  Code  Gb  lora.o [1]
RTC_CSSLSE_IRQHandler   0x009127    0x1  Code  Gb  stm8l15x_it.o [1]
Region$$Table$$Base     0x008ff5          --   Gb  - Linker created -
Region$$Table$$Limit    0x008ffd          --   Gb  - Linker created -
SPI1_IRQHandler         0x00913d    0x1  Code  Gb  stm8l15x_it.o [1]
SPI_Cmd                 0x009050    0xd  Code  Gb  stm8l15x_spi.o [1]
SPI_DeInit              0x009036   0x1a  Code  Gb  stm8l15x_spi.o [1]
SPI_Init                0x008ea6   0x41  Code  Gb  stm8l15x_spi.o [1]
SPI_ReceiveData         0x009065    0x5  Code  Gb  stm8l15x_spi.o [1]
SPI_SendData            0x00905d    0x8  Code  Gb  stm8l15x_spi.o [1]
SWITCH_CSS_BREAK_DAC_IRQHandler
                        0x009134    0x1  Code  Gb  stm8l15x_it.o [1]
TIM1_CC_IRQHandler      0x00913b    0x1  Code  Gb  stm8l15x_it.o [1]
TIM1_UPD_OVF_TRG_COM_IRQHandler
                        0x00913a    0x1  Code  Gb  stm8l15x_it.o [1]
TIM2_CC_USART2_RX_IRQHandler
                        0x009137    0x1  Code  Gb  stm8l15x_it.o [1]
TIM2_UPD_OVF_TRG_BRK_USART2_TX_IRQHandler
                        0x009136    0x1  Code  Gb  stm8l15x_it.o [1]
TIM3_CC_USART3_RX_IRQHandler
                        0x009139    0x1  Code  Gb  stm8l15x_it.o [1]
TIM3_UPD_OVF_TRG_BRK_USART3_TX_IRQHandler
                        0x009138    0x1  Code  Gb  stm8l15x_it.o [1]
TIM4_UPD_OVF_TRG_IRQHandler
                        0x00913c    0x1  Code  Gb  stm8l15x_it.o [1]
TRAP_IRQHandler         0x009123    0x1  Code  Gb  stm8l15x_it.o [1]
USART1_RX_TIM5_CC_IRQHandler
                        0x00913f    0x1  Code  Gb  stm8l15x_it.o [1]
USART1_TX_TIM5_UPD_OVF_TRG_BRK_IRQHandler
                        0x00913e    0x1  Code  Gb  stm8l15x_it.o [1]
__DebugBreak            0x009141    0x1  Code  Gb  __dbg_break.o [3]
__exit                  0x009096   0x14  Code  Gb  __dbg_xxexit.o [3]
__iar_Dint              0x0089aa   0xcb  Code  Gb  xdint.o [4]
__iar_data_init2        0x009082   0x14  Code  Gb  init.o [4]
__iar_program_start     0x0090aa         Code  Gb  cstartup.o [4]
__iar_unhandled_exception
                        0x009120         Code  Gb  unhandled_exception.o [4]
__iar_zero_init2        0x008ffd         Code  Gb  init_small.o [4]
__intvec                0x008000         Data  Gb  interrupt.o [4]
__low_level_init        0x00911a    0x3  Code  Gb  low_level_init.o [4]
_exit                   0x009106         Code  Gb  cexit.o [4]
_interrupt_1            0x009123         Code  Gb  stm8l15x_it.o [1]
_interrupt_10           0x00912b         Code  Gb  stm8l15x_it.o [1]
_interrupt_11           0x00912c         Code  Gb  stm8l15x_it.o [1]
_interrupt_12           0x00912d         Code  Gb  stm8l15x_it.o [1]
_interrupt_13           0x00912e         Code  Gb  stm8l15x_it.o [1]
_interrupt_14           0x00912f         Code  Gb  stm8l15x_it.o [1]
_interrupt_15           0x009130         Code  Gb  stm8l15x_it.o [1]
_interrupt_16           0x009131         Code  Gb  stm8l15x_it.o [1]
_interrupt_17           0x009132         Code  Gb  stm8l15x_it.o [1]
_interrupt_18           0x009133         Code  Gb  stm8l15x_it.o [1]
_interrupt_19           0x009134         Code  Gb  stm8l15x_it.o [1]
_interrupt_20           0x009135         Code  Gb  stm8l15x_it.o [1]
_interrupt_21           0x009136         Code  Gb  stm8l15x_it.o [1]
_interrupt_22           0x009137         Code  Gb  stm8l15x_it.o [1]
_interrupt_23           0x009138         Code  Gb  stm8l15x_it.o [1]
_interrupt_24           0x009139         Code  Gb  stm8l15x_it.o [1]
_interrupt_25           0x00913a         Code  Gb  stm8l15x_it.o [1]
_interrupt_26           0x00913b         Code  Gb  stm8l15x_it.o [1]
_interrupt_27           0x00913c         Code  Gb  stm8l15x_it.o [1]
_interrupt_28           0x00913d         Code  Gb  stm8l15x_it.o [1]
_interrupt_29           0x00913e         Code  Gb  stm8l15x_it.o [1]
_interrupt_3            0x009124         Code  Gb  stm8l15x_it.o [1]
_interrupt_30           0x00913f         Code  Gb  stm8l15x_it.o [1]
_interrupt_31           0x009140         Code  Gb  stm8l15x_it.o [1]
_interrupt_4            0x009125         Code  Gb  stm8l15x_it.o [1]
_interrupt_5            0x009126         Code  Gb  stm8l15x_it.o [1]
_interrupt_6            0x009127         Code  Gb  stm8l15x_it.o [1]
_interrupt_7            0x009128         Code  Gb  stm8l15x_it.o [1]
_interrupt_8            0x009129         Code  Gb  stm8l15x_it.o [1]
_interrupt_9            0x00912a         Code  Gb  stm8l15x_it.o [1]
axisX_Left              0x000012    0x2  Data  Gb  main.o [1]
axisX_Right             0x000016    0x2  Data  Gb  main.o [1]
axisY_Left              0x000010    0x2  Data  Gb  main.o [1]
axisY_Right             0x000014    0x2  Data  Gb  main.o [1]
delay_ms                0x008e63   0x43  Code  Gb  delay.o [1]
exit                    0x00911d    0x3  Code  Gb  exit.o [4]
floor                   0x008ee7   0x3a  Code  Gb  floor.o [4]
joystick_cmd            0x00830b  0x222  Code  Lc  main.o [1]
main                    0x00873e  0x17f  Code  Gb  main.o [1]
newLoRa                 0x008f21   0x30  Code  Gb  lora.o [1]


[1] = C:\Work\Projects\remote\Debug\Obj
[2] = command line
[3] = dbgstm8smd.a
[4] = dlstm8smn.a

  4 270 bytes of readonly  code memory
    148 bytes of readonly  data memory
    280 bytes of readwrite data memory

Errors: none
Warnings: none
