###############################################################################
#
# IAR ELF Linker V3.11.1.207 for STM8                     01/Oct/2021  15:55:07
# Copyright 2010-2019 IAR Systems AB.
#
#    Output file  =  C:\Work\Projects\remote\Debug\Exe\remote.out
#    Map file     =  C:\Work\Projects\remote\Debug\List\remote.map
#    Command line =  
#        -f C:\Users\username\AppData\Local\Temp\EWB4D3.tmp
#        (C:\Work\Projects\remote\Debug\Obj\delay.o
#        C:\Work\Projects\remote\Debug\Obj\lora.o
#        C:\Work\Projects\remote\Debug\Obj\main.o
#        C:\Work\Projects\remote\Debug\Obj\stm8l15x_adc.o
#        C:\Work\Projects\remote\Debug\Obj\stm8l15x_clk.o
#        C:\Work\Projects\remote\Debug\Obj\stm8l15x_gpio.o
#        C:\Work\Projects\remote\Debug\Obj\stm8l15x_it.o
#        C:\Work\Projects\remote\Debug\Obj\stm8l15x_spi.o --redirect
#        _Printf=_PrintfFullNoMb --redirect _Scanf=_ScanfFullNoMb
#        --no_out_extension -o C:\Work\Projects\remote\Debug\Exe\remote.out
#        --map C:\Work\Projects\remote\Debug\List\remote.map --config
#        "C:\Work\IAR Systems\Embedded Workbench
#        8.3\stm8\config\lnkstm8l152c6.icf" --config_def _CSTACK_SIZE=0x100
#        --config_def _HEAP_SIZE=0x100 --entry __iar_program_start --debug_lib)
#
###############################################################################

*******************************************************************************
*** RUNTIME MODEL ATTRIBUTES
***

__SystemLibrary            = DLib
__code_model               = small
__core                     = stm8
__data_model               = medium
__dlib_file_descriptor     = 0
__dlib_full_locale_support = 0
__rt_version               = 4


*******************************************************************************
*** PLACEMENT SUMMARY
***

"A0":  place at start of [0x000000-0x0000ff] { rw section .vregs };
"A1":  place at end of [0x000000-0x0007ff] { block CSTACK };
"A2":  place at start of [0x008000-0x00ffff] { block INTVEC };
"P3":  place in [from 0x008000 to 0x00ffff] {
          ro section __DLIB_PERTHREAD_init, ro section .far.data_init,
          ro section .far_func.textrw_init, ro section .huge.data_init,
          ro section .huge_func.textrw_init, ro section .iar.init_table,
          ro section .init_array, ro section .near.data_init,
          ro section .near.rodata, ro section .near_func.text,
          ro section .near_func.textrw_init, ro section .tiny.data_init,
          ro section .tiny.rodata_init };
"P4":  place in [from 0x008000 to 0x00ffff] {
          ro section .far.rodata, ro section .far_func.text };
"P5":  place in [from 0x008000 to 0x00ffff] {
          ro section .huge.rodata, ro section .huge_func.text };
do not initialize {
   rw section .eeprom.noinit, rw section .far.noinit, rw section .huge.noinit,
   rw section .near.noinit, rw section .tiny.noinit, rw section .vregs };

No sections matched the following patterns:

  ro section .far.data_init          in "P3-P5"
  ro section .far.rodata             in "P3-P5"
  ro section .far_func.text          in "P3-P5"
  ro section .far_func.textrw_init   in "P3-P5"
  ro section .huge.data_init         in "P3-P5"
  ro section .huge.rodata            in "P3-P5"
  ro section .huge_func.text         in "P3-P5"
  ro section .huge_func.textrw_init  in "P3-P5"
  ro section .iar.init_table         in "P3-P5"
  ro section .init_array             in "P3-P5"
  ro section .near.data_init         in "P3-P5"
  ro section .near.rodata            in "P3-P5"
  ro section .near_func.textrw_init  in "P3-P5"
  ro section .tiny.data_init         in "P3-P5"
  ro section .tiny.rodata_init       in "P3-P5"
  ro section __DLIB_PERTHREAD_init   in "P3-P5"
  rw section .far.bss                in "P2"
  rw section .far.data               in "P2"
  rw section .far.noinit             in "P2"
  rw section .far_func.textrw        in "P2"
  rw section .huge.bss               in "P2"
  rw section .huge.data              in "P2"
  rw section .huge.noinit            in "P2"
  rw section .huge_func.textrw       in "P2"
  rw section .iar.dynexit            in "P2"
  rw section .near.bss               in "P2"
  rw section .near.data              in "P2"
  rw section .near.noinit            in "P2"
  rw section .near_func.textrw       in "P2"
  rw section .tiny.bss               in "P1"
  rw section .tiny.data              in "P1"
  rw section .tiny.noinit            in "P1"
  rw section .tiny.rodata            in "P1"
  rw section __DLIB_PERTHREAD        in "P2"
  section .eeprom.data               in "P6-P8"
  section .eeprom.noinit             in "P6-P8"
  section .eeprom.rodata             in "P6-P8"


  Section          Kind      Address   Size  Object
  -------          ----      -------   ----  ------
"A0":                                   0xc
  .vregs           uninit   0x000000    0xc  vregs.o [4]
                          - 0x00000c    0xc

"A1":                                 0x100
  CSTACK                    0x000700  0x100  <Block>
    CSTACK         uninit   0x000700  0x100  <Block tail>
                          - 0x000800  0x100

"A2":                                  0x80
  INTVEC                    0x008000   0x80  <Block>
    .intvec        const    0x008000   0x80  interrupt.o [4]
                          - 0x008080   0x80

"P3-P5":                              0x767
  .near_func.text  ro code  0x008080  0x15f  lora.o [1]
  .near_func.text  ro code  0x0081df   0xed  lora.o [1]
  .near_func.text  ro code  0x0082cc   0xa6  long.o [4]
  .near_func.text  ro code  0x008372   0x9c  main.o [1]
  .near_func.text  ro code  0x00840e   0x8e  stm8l15x_gpio.o [1]
  .near_func.text  ro code  0x00849c   0x89  stm8l15x_clk.o [1]
  .near_func.text  ro code  0x008525   0x71  vreg_util.o [4]
  .near_func.text  ro code  0x008596   0x43  delay.o [1]
  .near_func.text  ro code  0x0085d9   0x41  stm8l15x_spi.o [1]
  .near_func.text  ro code  0x00861a   0x37  lora.o [1]
  .near_func.text  ro code  0x008651   0x37  lora.o [1]
  .near_func.text  ro code  0x008688   0x30  lora.o [1]
  .near_func.text  ro code  0x0086b8   0x2c  stm8l15x_gpio.o [1]
  .near_func.text  ro code  0x0086e4   0x21  short.o [4]
  .near_func.text  ro code  0x008705   0x1b  lora.o [1]
  .near_func.text  ro code  0x008720   0x1a  stm8l15x_spi.o [1]
  .near_func.text  ro code  0x00873a   0x14  init.o [4]
  .near_func.text  ro code  0x00874e   0x14  __dbg_xxexit.o [3]
  .near_func.text  ro code  0x008762   0x13  cstartup.o [4]
  .near_func.text  ro code  0x008775    0xd  stm8l15x_clk.o [1]
  .near_func.text  ro code  0x008782    0xd  move.o [4]
  .near_func.text  ro code  0x00878f    0xb  dc_util.o [4]
  .near_func.text  ro code  0x00879a    0xa  stm8l15x_clk.o [1]
  .near_func.text  ro code  0x0087a4    0x7  stm8l15x_gpio.o [1]
  .near_func.text  ro code  0x0087ab    0x5  cexit.o [4]
  .near_func.text  ro code  0x0087b0    0x4  stm8l15x_clk.o [1]
  .near_func.text  ro code  0x0087b4    0x4  stm8l15x_clk.o [1]
  .near_func.text  ro code  0x0087b8    0x4  stm8l15x_gpio.o [1]
  .near_func.text  ro code  0x0087bc    0x3  interrupt.o [4]
  .near_func.text  ro code  0x0087bf    0x3  low_level_init.o [4]
  .near_func.text  ro code  0x0087c2    0x3  exit.o [4]
  .near_func.text  ro code  0x0087c5    0x3  unhandled_exception.o [4]
  .near_func.text  ro code  0x0087c8    0x1  stm8l15x_it.o [1]
  .near_func.text  ro code  0x0087c9    0x1  stm8l15x_it.o [1]
  .near_func.text  ro code  0x0087ca    0x1  stm8l15x_it.o [1]
  .near_func.text  ro code  0x0087cb    0x1  stm8l15x_it.o [1]
  .near_func.text  ro code  0x0087cc    0x1  stm8l15x_it.o [1]
  .near_func.text  ro code  0x0087cd    0x1  stm8l15x_it.o [1]
  .near_func.text  ro code  0x0087ce    0x1  stm8l15x_it.o [1]
  .near_func.text  ro code  0x0087cf    0x1  stm8l15x_it.o [1]
  .near_func.text  ro code  0x0087d0    0x1  stm8l15x_it.o [1]
  .near_func.text  ro code  0x0087d1    0x1  stm8l15x_it.o [1]
  .near_func.text  ro code  0x0087d2    0x1  stm8l15x_it.o [1]
  .near_func.text  ro code  0x0087d3    0x1  stm8l15x_it.o [1]
  .near_func.text  ro code  0x0087d4    0x1  stm8l15x_it.o [1]
  .near_func.text  ro code  0x0087d5    0x1  stm8l15x_it.o [1]
  .near_func.text  ro code  0x0087d6    0x1  stm8l15x_it.o [1]
  .near_func.text  ro code  0x0087d7    0x1  stm8l15x_it.o [1]
  .near_func.text  ro code  0x0087d8    0x1  stm8l15x_it.o [1]
  .near_func.text  ro code  0x0087d9    0x1  stm8l15x_it.o [1]
  .near_func.text  ro code  0x0087da    0x1  stm8l15x_it.o [1]
  .near_func.text  ro code  0x0087db    0x1  stm8l15x_it.o [1]
  .near_func.text  ro code  0x0087dc    0x1  stm8l15x_it.o [1]
  .near_func.text  ro code  0x0087dd    0x1  stm8l15x_it.o [1]
  .near_func.text  ro code  0x0087de    0x1  stm8l15x_it.o [1]
  .near_func.text  ro code  0x0087df    0x1  stm8l15x_it.o [1]
  .near_func.text  ro code  0x0087e0    0x1  stm8l15x_it.o [1]
  .near_func.text  ro code  0x0087e1    0x1  stm8l15x_it.o [1]
  .near_func.text  ro code  0x0087e2    0x1  stm8l15x_it.o [1]
  .near_func.text  ro code  0x0087e3    0x1  stm8l15x_it.o [1]
  .near_func.text  ro code  0x0087e4    0x1  stm8l15x_it.o [1]
  .near_func.text  ro code  0x0087e5    0x1  stm8l15x_it.o [1]
  .near_func.text  ro code  0x0087e6    0x1  __dbg_break.o [3]
                          - 0x0087e7  0x767



*******************************************************************************
*** MODULE SUMMARY
***

    Module                 ro code  ro data  rw data
    ------                 -------  -------  -------
C:\Work\Projects\remote\Debug\Obj: [1]
    delay.o                     67
    lora.o                     773
    main.o                     156
    stm8l15x_clk.o             168
    stm8l15x_gpio.o            197
    stm8l15x_it.o               30
    stm8l15x_spi.o              91
    ------------------------------------------------
    Total:                   1 482

command line: [2]
    ------------------------------------------------
    Total:

dbgstm8smd.a: [3]
    __dbg_break.o                1
    __dbg_xxexit.o              20
    ------------------------------------------------
    Total:                      21

dlstm8smn.a: [4]
    cexit.o                      5
    cstartup.o                  19
    dc_util.o                   11
    exit.o                       3
    init.o                      20
    interrupt.o                  3      128
    long.o                     166
    low_level_init.o             3
    move.o                      13
    short.o                     33
    unhandled_exception.o        3
    vreg_util.o                113
    vregs.o                                       12
    ------------------------------------------------
    Total:                     392      128       12

    Linker created                               256
----------------------------------------------------
    Grand Total:             1 895      128      268


*******************************************************************************
*** ENTRY LIST
***

Entry                      Address  Size  Type      Object
-----                      -------  ----  ----      ------
?b0                       0x000000        Data  Gb  vregs.o [4]
?b1                       0x000001        Data  Gb  vregs.o [4]
?b10                      0x00000a        Data  Gb  vregs.o [4]
?b11                      0x00000b        Data  Gb  vregs.o [4]
?b2                       0x000002        Data  Gb  vregs.o [4]
?b3                       0x000003        Data  Gb  vregs.o [4]
?b4                       0x000004        Data  Gb  vregs.o [4]
?b5                       0x000005        Data  Gb  vregs.o [4]
?b6                       0x000006        Data  Gb  vregs.o [4]
?b7                       0x000007        Data  Gb  vregs.o [4]
?b8                       0x000008        Data  Gb  vregs.o [4]
?b9                       0x000009        Data  Gb  vregs.o [4]
?dc32_px                  0x00878f        Code  Gb  dc_util.o [4]
?e0                       0x000001        Data  Gb  vregs.o [4]
?e1                       0x000005        Data  Gb  vregs.o [4]
?e2                       0x000009        Data  Gb  vregs.o [4]
?epilogue_l2              0x008581        Code  Gb  vreg_util.o [4]
?epilogue_w4              0x008585        Code  Gb  vreg_util.o [4]
?l0                       0x000000        Data  Gb  vregs.o [4]
?l1                       0x000004        Data  Gb  vregs.o [4]
?l2                       0x000008        Data  Gb  vregs.o [4]
?mov_e2_e0                0x00858c        Code  Gb  vreg_util.o [4]
?mov_l2_l0                0x008589        Code  Gb  vreg_util.o [4]
?mov_w5_w1                0x00858f        Code  Gb  vreg_util.o [4]
?move1616_v_x_y_a         0x008782        Code  Gb  move.o [4]
?mul32_l0_l0_0x           0x0082cf        Code  Gb  long.o [4]
?mul32_l0_l0_dl           0x0082cc        Code  Gb  long.o [4]
?mul32_l0_l0_l1           0x0082d8        Code  Gb  long.o [4]
?pop_l2                   0x00856e        Code  Gb  vreg_util.o [4]
?pop_w4                   0x00853d        Code  Gb  vreg_util.o [4]
?push_l2                  0x00854c        Code  Gb  vreg_util.o [4]
?push_w4                  0x008525        Code  Gb  vreg_util.o [4]
?sdiv16_x_x_y             0x0086e4        Code  Gb  short.o [4]
?sext32_l0_x              0x008367        Code  Gb  long.o [4]
?sll16_x_x_a              0x0086fd        Code  Gb  short.o [4]
?sra32_0x_0x_a            0x008359        Code  Gb  long.o [4]
?sra32_l0_l0_a            0x008356        Code  Gb  long.o [4]
?w0                       0x000000        Data  Gb  vregs.o [4]
?w1                       0x000002        Data  Gb  vregs.o [4]
?w2                       0x000004        Data  Gb  vregs.o [4]
?w3                       0x000006        Data  Gb  vregs.o [4]
?w4                       0x000008        Data  Gb  vregs.o [4]
?w5                       0x00000a        Data  Gb  vregs.o [4]
ADC1_COMP_IRQHandler      0x0087da   0x1  Code  Gb  stm8l15x_it.o [1]
CLK_PeripheralClockConfig
                          0x00849c  0x89  Code  Gb  stm8l15x_clk.o [1]
CLK_RTCClockConfig        0x00879a   0xa  Code  Gb  stm8l15x_clk.o [1]
CLK_SYSCLKDivConfig       0x0087b4   0x4  Code  Gb  stm8l15x_clk.o [1]
CLK_SYSCLKSourceConfig    0x0087b0   0x4  Code  Gb  stm8l15x_clk.o [1]
CLK_SYSCLKSourceSwitchCmd
                          0x008775   0xd  Code  Gb  stm8l15x_clk.o [1]
CSTACK$$Base              0x000700         --   Gb  - Linker created -
CSTACK$$Limit             0x000800         --   Gb  - Linker created -
DMA1_CHANNEL0_1_IRQHandler
                          0x0087ca   0x1  Code  Gb  stm8l15x_it.o [1]
DMA1_CHANNEL2_3_IRQHandler
                          0x0087cb   0x1  Code  Gb  stm8l15x_it.o [1]
EXTI0_IRQHandler          0x0087d0   0x1  Code  Gb  stm8l15x_it.o [1]
EXTI1_IRQHandler          0x0087d1   0x1  Code  Gb  stm8l15x_it.o [1]
EXTI2_IRQHandler          0x0087d2   0x1  Code  Gb  stm8l15x_it.o [1]
EXTI3_IRQHandler          0x0087d3   0x1  Code  Gb  stm8l15x_it.o [1]
EXTI4_IRQHandler          0x0087d4   0x1  Code  Gb  stm8l15x_it.o [1]
EXTI5_IRQHandler          0x0087d5   0x1  Code  Gb  stm8l15x_it.o [1]
EXTI6_IRQHandler          0x0087d6   0x1  Code  Gb  stm8l15x_it.o [1]
EXTI7_IRQHandler          0x0087d7   0x1  Code  Gb  stm8l15x_it.o [1]
EXTIB_G_IRQHandler        0x0087ce   0x1  Code  Gb  stm8l15x_it.o [1]
EXTID_H_IRQHandler        0x0087cf   0x1  Code  Gb  stm8l15x_it.o [1]
EXTIE_F_PVD_IRQHandler    0x0087cd   0x1  Code  Gb  stm8l15x_it.o [1]
FLASH_IRQHandler          0x0087c9   0x1  Code  Gb  stm8l15x_it.o [1]
GPIO_ExternalPullUpConfig
                          0x0086b8  0x2c  Code  Gb  stm8l15x_gpio.o [1]
GPIO_Init                 0x00840e  0x8e  Code  Gb  stm8l15x_gpio.o [1]
GPIO_ResetBits            0x0087b8   0x4  Code  Gb  stm8l15x_gpio.o [1]
GPIO_SetBits              0x0087a4   0x7  Code  Gb  stm8l15x_gpio.o [1]
I2C1_SPI2_IRQHandler      0x0087e5   0x1  Code  Gb  stm8l15x_it.o [1]
INTVEC$$Base              0x008000         --   Gb  - Linker created -
INTVEC$$Limit             0x008080         --   Gb  - Linker created -
LCD_AES_IRQHandler        0x0087d8   0x1  Code  Gb  stm8l15x_it.o [1]
LoRa_gotoMode             0x008080  0x63  Code  Gb  lora.o [1]
LoRa_init                 0x0081df  0xed  Code  Gb  lora.o [1]
LoRa_isvalid              0x0081dc   0x3  Code  Gb  lora.o [1]
LoRa_read                 0x00861a  0x37  Code  Gb  lora.o [1]
LoRa_reset                0x008705  0x1b  Code  Gb  lora.o [1]
LoRa_setFrequency         0x0080e3  0x42  Code  Gb  lora.o [1]
LoRa_setOCP               0x00817f  0x49  Code  Gb  lora.o [1]
LoRa_setPower             0x008172   0xd  Code  Gb  lora.o [1]
LoRa_setSpreadingFactor
                          0x008125  0x4d  Code  Gb  lora.o [1]
LoRa_setTOMsb_setCRCon    0x0081c8  0x14  Code  Gb  lora.o [1]
LoRa_write                0x008651  0x37  Code  Gb  lora.o [1]
RTC_CSSLSE_IRQHandler     0x0087cc   0x1  Code  Gb  stm8l15x_it.o [1]
Region$$Table$$Base     0x00000000         --   Gb  - Linker created -
Region$$Table$$Limit    0x00000000         --   Gb  - Linker created -
SPI1_IRQHandler           0x0087e2   0x1  Code  Gb  stm8l15x_it.o [1]
SPI_Cmd                   0x008720   0xd  Code  Gb  stm8l15x_spi.o [1]
SPI_Init                  0x0085d9  0x41  Code  Gb  stm8l15x_spi.o [1]
SPI_ReceiveData           0x008735   0x5  Code  Gb  stm8l15x_spi.o [1]
SPI_SendData              0x00872d   0x8  Code  Gb  stm8l15x_spi.o [1]
SWITCH_CSS_BREAK_DAC_IRQHandler
                          0x0087d9   0x1  Code  Gb  stm8l15x_it.o [1]
TIM1_CC_IRQHandler        0x0087e0   0x1  Code  Gb  stm8l15x_it.o [1]
TIM1_UPD_OVF_TRG_COM_IRQHandler
                          0x0087df   0x1  Code  Gb  stm8l15x_it.o [1]
TIM2_CC_USART2_RX_IRQHandler
                          0x0087dc   0x1  Code  Gb  stm8l15x_it.o [1]
TIM2_UPD_OVF_TRG_BRK_USART2_TX_IRQHandler
                          0x0087db   0x1  Code  Gb  stm8l15x_it.o [1]
TIM3_CC_USART3_RX_IRQHandler
                          0x0087de   0x1  Code  Gb  stm8l15x_it.o [1]
TIM3_UPD_OVF_TRG_BRK_USART3_TX_IRQHandler
                          0x0087dd   0x1  Code  Gb  stm8l15x_it.o [1]
TIM4_UPD_OVF_TRG_IRQHandler
                          0x0087e1   0x1  Code  Gb  stm8l15x_it.o [1]
TRAP_IRQHandler           0x0087c8   0x1  Code  Gb  stm8l15x_it.o [1]
USART1_RX_TIM5_CC_IRQHandler
                          0x0087e4   0x1  Code  Gb  stm8l15x_it.o [1]
USART1_TX_TIM5_UPD_OVF_TRG_BRK_IRQHandler
                          0x0087e3   0x1  Code  Gb  stm8l15x_it.o [1]
__DebugBreak              0x0087e6   0x1  Code  Gb  __dbg_break.o [3]
__exit                    0x00874e  0x14  Code  Gb  __dbg_xxexit.o [3]
__iar_data_init2          0x00873a  0x14  Code  Gb  init.o [4]
__iar_program_start       0x008762        Code  Gb  cstartup.o [4]
__iar_unhandled_exception
                          0x0087c5        Code  Gb  unhandled_exception.o [4]
__intvec                  0x008000        Data  Gb  interrupt.o [4]
__low_level_init          0x0087bf   0x3  Code  Gb  low_level_init.o [4]
_exit                     0x0087ab        Code  Gb  cexit.o [4]
_interrupt_1              0x0087c8        Code  Gb  stm8l15x_it.o [1]
_interrupt_10             0x0087d0        Code  Gb  stm8l15x_it.o [1]
_interrupt_11             0x0087d1        Code  Gb  stm8l15x_it.o [1]
_interrupt_12             0x0087d2        Code  Gb  stm8l15x_it.o [1]
_interrupt_13             0x0087d3        Code  Gb  stm8l15x_it.o [1]
_interrupt_14             0x0087d4        Code  Gb  stm8l15x_it.o [1]
_interrupt_15             0x0087d5        Code  Gb  stm8l15x_it.o [1]
_interrupt_16             0x0087d6        Code  Gb  stm8l15x_it.o [1]
_interrupt_17             0x0087d7        Code  Gb  stm8l15x_it.o [1]
_interrupt_18             0x0087d8        Code  Gb  stm8l15x_it.o [1]
_interrupt_19             0x0087d9        Code  Gb  stm8l15x_it.o [1]
_interrupt_20             0x0087da        Code  Gb  stm8l15x_it.o [1]
_interrupt_21             0x0087db        Code  Gb  stm8l15x_it.o [1]
_interrupt_22             0x0087dc        Code  Gb  stm8l15x_it.o [1]
_interrupt_23             0x0087dd        Code  Gb  stm8l15x_it.o [1]
_interrupt_24             0x0087de        Code  Gb  stm8l15x_it.o [1]
_interrupt_25             0x0087df        Code  Gb  stm8l15x_it.o [1]
_interrupt_26             0x0087e0        Code  Gb  stm8l15x_it.o [1]
_interrupt_27             0x0087e1        Code  Gb  stm8l15x_it.o [1]
_interrupt_28             0x0087e2        Code  Gb  stm8l15x_it.o [1]
_interrupt_29             0x0087e3        Code  Gb  stm8l15x_it.o [1]
_interrupt_3              0x0087c9        Code  Gb  stm8l15x_it.o [1]
_interrupt_30             0x0087e4        Code  Gb  stm8l15x_it.o [1]
_interrupt_31             0x0087e5        Code  Gb  stm8l15x_it.o [1]
_interrupt_4              0x0087ca        Code  Gb  stm8l15x_it.o [1]
_interrupt_5              0x0087cb        Code  Gb  stm8l15x_it.o [1]
_interrupt_6              0x0087cc        Code  Gb  stm8l15x_it.o [1]
_interrupt_7              0x0087cd        Code  Gb  stm8l15x_it.o [1]
_interrupt_8              0x0087ce        Code  Gb  stm8l15x_it.o [1]
_interrupt_9              0x0087cf        Code  Gb  stm8l15x_it.o [1]
delay_ms                  0x008596  0x43  Code  Gb  delay.o [1]
exit                      0x0087c2   0x3  Code  Gb  exit.o [4]
main                      0x008372  0x9c  Code  Gb  main.o [1]
newLoRa                   0x008688  0x30  Code  Gb  lora.o [1]


[1] = C:\Work\Projects\remote\Debug\Obj
[2] = command line
[3] = dbgstm8smd.a
[4] = dlstm8smn.a

  1 895 bytes of readonly  code memory
    128 bytes of readonly  data memory
    268 bytes of readwrite data memory

Errors: none
Warnings: none
