###############################################################################
#
# IAR ELF Linker V3.11.1.207 for STM8                     05/Oct/2021  13:39:45
# Copyright 2010-2019 IAR Systems AB.
#
#    Output file  =  C:\Work\Projects\remote\Debug\Exe\remote.out
#    Map file     =  C:\Work\Projects\remote\Debug\List\remote.map
#    Command line =  
#        -f C:\Users\username\AppData\Local\Temp\EW27D2.tmp
#        (C:\Work\Projects\remote\Debug\Obj\delay.o
#        C:\Work\Projects\remote\Debug\Obj\lora.o
#        C:\Work\Projects\remote\Debug\Obj\main.o
#        C:\Work\Projects\remote\Debug\Obj\stm8l15x_adc.o
#        C:\Work\Projects\remote\Debug\Obj\stm8l15x_clk.o
#        C:\Work\Projects\remote\Debug\Obj\stm8l15x_exti.o
#        C:\Work\Projects\remote\Debug\Obj\stm8l15x_gpio.o
#        C:\Work\Projects\remote\Debug\Obj\stm8l15x_it.o
#        C:\Work\Projects\remote\Debug\Obj\stm8l15x_spi.o --redirect
#        _Printf=_PrintfFullNoMb --redirect _Scanf=_ScanfFullNoMb
#        --no_out_extension -o C:\Work\Projects\remote\Debug\Exe\remote.out
#        --map C:\Work\Projects\remote\Debug\List\remote.map --config
#        "C:\Work\IAR Systems\Embedded Workbench
#        8.3\stm8\config\lnkstm8l152c6.icf" --config_def _CSTACK_SIZE=0x100
#        --config_def _HEAP_SIZE=0x100 --entry __iar_program_start --debug_lib)
#
###############################################################################

*******************************************************************************
*** RUNTIME MODEL ATTRIBUTES
***

__SystemLibrary            = DLib
__code_model               = small
__core                     = stm8
__data_model               = medium
__dlib_file_descriptor     = 0
__dlib_full_locale_support = 0
__rt_version               = 4


*******************************************************************************
*** PLACEMENT SUMMARY
***

"A0":  place at start of [0x000000-0x0000ff] { rw section .vregs };
"A1":  place at end of [0x000000-0x0007ff] { block CSTACK };
"P2":  place in [from 0x000000 to 0x0007ff] {
          block HEAP, rw section __DLIB_PERTHREAD, rw section .far.bss,
          rw section .far.data, rw section .far.noinit,
          rw section .far_func.textrw, rw section .huge.bss,
          rw section .huge.data, rw section .huge.noinit,
          rw section .huge_func.textrw, rw section .iar.dynexit,
          rw section .near.bss, rw section .near.data, rw section .near.noinit,
          rw section .near_func.textrw };
"A2":  place at start of [0x008000-0x00ffff] { block INTVEC };
"P3":  place in [from 0x008000 to 0x00ffff] {
          ro section __DLIB_PERTHREAD_init, ro section .far.data_init,
          ro section .far_func.textrw_init, ro section .huge.data_init,
          ro section .huge_func.textrw_init, ro section .iar.init_table,
          ro section .init_array, ro section .near.data_init,
          ro section .near.rodata, ro section .near_func.text,
          ro section .near_func.textrw_init, ro section .tiny.data_init,
          ro section .tiny.rodata_init };
"P4":  place in [from 0x008000 to 0x00ffff] {
          ro section .far.rodata, ro section .far_func.text };
"P5":  place in [from 0x008000 to 0x00ffff] {
          ro section .huge.rodata, ro section .huge_func.text };
do not initialize {
   rw section .eeprom.noinit, rw section .far.noinit, rw section .huge.noinit,
   rw section .near.noinit, rw section .tiny.noinit, rw section .vregs };

No sections matched the following patterns:

  ro section .far.data_init          in "P3-P5"
  ro section .far.rodata             in "P3-P5"
  ro section .far_func.text          in "P3-P5"
  ro section .far_func.textrw_init   in "P3-P5"
  ro section .huge.data_init         in "P3-P5"
  ro section .huge.rodata            in "P3-P5"
  ro section .huge_func.text         in "P3-P5"
  ro section .huge_func.textrw_init  in "P3-P5"
  ro section .iar.init_table         in "P3-P5"
  ro section .init_array             in "P3-P5"
  ro section .near.data_init         in "P3-P5"
  ro section .near_func.textrw_init  in "P3-P5"
  ro section .tiny.data_init         in "P3-P5"
  ro section .tiny.rodata_init       in "P3-P5"
  ro section __DLIB_PERTHREAD_init   in "P3-P5"
  rw section .far.bss                in "P2"
  rw section .far.data               in "P2"
  rw section .far.noinit             in "P2"
  rw section .far_func.textrw        in "P2"
  rw section .huge.bss               in "P2"
  rw section .huge.data              in "P2"
  rw section .huge.noinit            in "P2"
  rw section .huge_func.textrw       in "P2"
  rw section .iar.dynexit            in "P2"
  rw section .near.data              in "P2"
  rw section .near.noinit            in "P2"
  rw section .near_func.textrw       in "P2"
  rw section .tiny.bss               in "P1"
  rw section .tiny.data              in "P1"
  rw section .tiny.noinit            in "P1"
  rw section .tiny.rodata            in "P1"
  rw section __DLIB_PERTHREAD        in "P2"
  section .eeprom.data               in "P6-P8"
  section .eeprom.noinit             in "P6-P8"
  section .eeprom.rodata             in "P6-P8"


  Section          Kind      Address    Size  Object
  -------          ----      -------    ----  ------
"A0":                                   0x10
  .vregs           uninit   0x000000    0x10  vregs.o [4]
                          - 0x000010    0x10

"P2":                                   0x14
  .near.bss        zero     0x000010     0xa  main.o [1]
  .near.bss        zero     0x00001a     0x2  main.o [1]
  .near.bss        zero     0x00001c     0x2  main.o [1]
  .near.bss        zero     0x00001e     0x2  main.o [1]
  .near.bss        zero     0x000020     0x2  main.o [1]
  .near.bss        zero     0x000022     0x2  stm8l15x_it.o [1]
                          - 0x000024    0x14

"A1":                                  0x100
  CSTACK                    0x000700   0x100  <Block>
    CSTACK         uninit   0x000700   0x100  <Block tail>
                          - 0x000800   0x100

"A2":                                   0x80
  INTVEC                    0x008000    0x80  <Block>
    .intvec        const    0x008000    0x80  interrupt.o [4]
                          - 0x008080    0x80

"P3-P5":                              0x1381
  .near_func.text  ro code  0x008080   0x2fd  main.o [1]
  .near_func.text  ro code  0x00837d   0x28b  float.o [4]
  .near_func.text  ro code  0x008608   0x1fe  lora.o [1]
  .near_func.text  ro code  0x008806   0x1cf  main.o [1]
  .near_func.text  ro code  0x0089d5   0x10d  stm8l15x_exti.o [1]
  .near_func.text  ro code  0x008ae2    0xed  lora.o [1]
  .near_func.text  ro code  0x008bcf    0xcb  xdint.o [4]
  .near_func.text  ro code  0x008c9a    0xbe  vreg_util.o [4]
  .near_func.text  ro code  0x008d58    0xa6  long.o [4]
  .near_func.text  ro code  0x008dfe    0x8e  stm8l15x_gpio.o [1]
  .near_func.text  ro code  0x008e8c    0x89  stm8l15x_clk.o [1]
  .near_func.text  ro code  0x008f15    0x55  stm8l15x_adc.o [1]
  .near_func.text  ro code  0x008f6a    0x55  stm8l15x_adc.o [1]
  .near_func.text  ro code  0x008fbf    0x51  lora.o [1]
  .near_func.text  ro code  0x009010    0x51  lora.o [1]
  .near_func.text  ro code  0x009061    0x47  long_util.o [4]
  .near_func.text  ro code  0x0090a8    0x43  delay.o [1]
  .near_func.text  ro code  0x0090eb    0x41  stm8l15x_spi.o [1]
  .near_func.text  ro code  0x00912c    0x3a  floor.o [4]
  .near_func.text  ro code  0x009166    0x31  stm8l15x_it.o [1]
  .near_func.text  ro code  0x009197    0x30  lora.o [1]
  .near_func.text  ro code  0x0091c7    0x30  stm8l15x_it.o [1]
  .near_func.text  ro code  0x0091f7    0x2c  stm8l15x_gpio.o [1]
  .near_func.text  ro code  0x009223    0x2b  stm8l15x_adc.o [1]
  .near_func.text  ro code  0x00924e    0x29  short.o [4]
  .near_func.text  ro code  0x009277    0x24  stm8l15x_adc.o [1]
  .near_func.text  ro code  0x00929b    0x21  stm8l15x_exti.o [1]
  .iar.init_table  const    0x0092bc     0x8  - Linker created -
  .near_func.text  ro code  0x0092c4    0x1e  init_small.o [4]
  .near_func.text  ro code  0x0092e2    0x1b  lora.o [1]
  .near_func.text  ro code  0x0092fd    0x1a  stm8l15x_spi.o [1]
  .near_func.text  ro code  0x009317    0x1a  stm8l15x_spi.o [1]
  .near_func.text  ro code  0x009331    0x18  dc_util.o [4]
  .near_func.text  ro code  0x009349    0x14  init.o [4]
  .near_func.text  ro code  0x00935d    0x14  __dbg_xxexit.o [3]
  .near_func.text  ro code  0x009371    0x13  cstartup.o [4]
  .near_func.text  ro code  0x009384     0xd  stm8l15x_adc.o [1]
  .near_func.text  ro code  0x009391     0xd  stm8l15x_clk.o [1]
  .near_func.text  ro code  0x00939e     0xd  move.o [4]
  .near_func.text  ro code  0x0093ab     0xa  stm8l15x_clk.o [1]
  .near_func.text  ro code  0x0093b5     0x7  stm8l15x_gpio.o [1]
  .near.rodata     const    0x0093bc     0x6  main.o [1]
  .near_func.text  ro code  0x0093c2     0x5  stm8l15x_adc.o [1]
  .near_func.text  ro code  0x0093c7     0x5  cexit.o [4]
  .near_func.text  ro code  0x0093cc     0x4  stm8l15x_clk.o [1]
  .near_func.text  ro code  0x0093d0     0x4  stm8l15x_clk.o [1]
  .near_func.text  ro code  0x0093d4     0x4  stm8l15x_gpio.o [1]
  .near_func.text  ro code  0x0093d8     0x3  interrupt.o [4]
  .near_func.text  ro code  0x0093db     0x3  low_level_init.o [4]
  .near_func.text  ro code  0x0093de     0x3  exit.o [4]
  .near_func.text  ro code  0x0093e1     0x3  unhandled_exception.o [4]
  .near_func.text  ro code  0x0093e4     0x1  stm8l15x_it.o [1]
  .near_func.text  ro code  0x0093e5     0x1  stm8l15x_it.o [1]
  .near_func.text  ro code  0x0093e6     0x1  stm8l15x_it.o [1]
  .near_func.text  ro code  0x0093e7     0x1  stm8l15x_it.o [1]
  .near_func.text  ro code  0x0093e8     0x1  stm8l15x_it.o [1]
  .near_func.text  ro code  0x0093e9     0x1  stm8l15x_it.o [1]
  .near_func.text  ro code  0x0093ea     0x1  stm8l15x_it.o [1]
  .near_func.text  ro code  0x0093eb     0x1  stm8l15x_it.o [1]
  .near_func.text  ro code  0x0093ec     0x1  stm8l15x_it.o [1]
  .near_func.text  ro code  0x0093ed     0x1  stm8l15x_it.o [1]
  .near_func.text  ro code  0x0093ee     0x1  stm8l15x_it.o [1]
  .near_func.text  ro code  0x0093ef     0x1  stm8l15x_it.o [1]
  .near_func.text  ro code  0x0093f0     0x1  stm8l15x_it.o [1]
  .near_func.text  ro code  0x0093f1     0x1  stm8l15x_it.o [1]
  .near_func.text  ro code  0x0093f2     0x1  stm8l15x_it.o [1]
  .near_func.text  ro code  0x0093f3     0x1  stm8l15x_it.o [1]
  .near_func.text  ro code  0x0093f4     0x1  stm8l15x_it.o [1]
  .near_func.text  ro code  0x0093f5     0x1  stm8l15x_it.o [1]
  .near_func.text  ro code  0x0093f6     0x1  stm8l15x_it.o [1]
  .near_func.text  ro code  0x0093f7     0x1  stm8l15x_it.o [1]
  .near_func.text  ro code  0x0093f8     0x1  stm8l15x_it.o [1]
  .near_func.text  ro code  0x0093f9     0x1  stm8l15x_it.o [1]
  .near_func.text  ro code  0x0093fa     0x1  stm8l15x_it.o [1]
  .near_func.text  ro code  0x0093fb     0x1  stm8l15x_it.o [1]
  .near_func.text  ro code  0x0093fc     0x1  stm8l15x_it.o [1]
  .near_func.text  ro code  0x0093fd     0x1  stm8l15x_it.o [1]
  .near_func.text  ro code  0x0093fe     0x1  stm8l15x_it.o [1]
  .near_func.text  ro code  0x0093ff     0x1  stm8l15x_it.o [1]
  .near_func.text  ro code  0x009400     0x1  __dbg_break.o [3]
                          - 0x009401  0x1381


*******************************************************************************
*** INIT TABLE
***

          Address   Size
          -------   ----
Zero (__iar_zero_init2)
    1 destination range, total size 0x14:
          0x000010  0x14



*******************************************************************************
*** MODULE SUMMARY
***

    Module                 ro code  ro data  rw data
    ------                 -------  -------  -------
C:\Work\Projects\remote\Debug\Obj: [1]
    delay.o                     67
    lora.o                     984
    main.o                   1 228        6       18
    stm8l15x_adc.o             267
    stm8l15x_clk.o             168
    stm8l15x_exti.o            302
    stm8l15x_gpio.o            197
    stm8l15x_it.o              125                 2
    stm8l15x_spi.o             117
    ------------------------------------------------
    Total:                   3 455        6       20

command line: [2]
    ------------------------------------------------
    Total:

dbgstm8smd.a: [3]
    __dbg_break.o                1
    __dbg_xxexit.o              20
    ------------------------------------------------
    Total:                      21

dlstm8smn.a: [4]
    cexit.o                      5
    cstartup.o                  19
    dc_util.o                   24
    exit.o                       3
    float.o                    651
    floor.o                     58
    init.o                      20
    init_small.o                30
    interrupt.o                  3      128
    long.o                     166
    long_util.o                 71
    low_level_init.o             3
    move.o                      13
    short.o                     41
    unhandled_exception.o        3
    vreg_util.o                190
    vregs.o                                       16
    xdint.o                    203
    ------------------------------------------------
    Total:                   1 503      128       16

    Linker created                        8      256
----------------------------------------------------
    Grand Total:             4 979      142      292


*******************************************************************************
*** ENTRY LIST
***

Entry                    Address   Size  Type      Object
-----                    -------   ----  ----      ------
.iar.init_table$$Base   0x0092bc          --   Gb  - Linker created -
.iar.init_table$$Limit  0x0092c4          --   Gb  - Linker created -
?b0                     0x000000         Data  Gb  vregs.o [4]
?b1                     0x000001         Data  Gb  vregs.o [4]
?b10                    0x00000a         Data  Gb  vregs.o [4]
?b11                    0x00000b         Data  Gb  vregs.o [4]
?b12                    0x00000c         Data  Gb  vregs.o [4]
?b13                    0x00000d         Data  Gb  vregs.o [4]
?b14                    0x00000e         Data  Gb  vregs.o [4]
?b15                    0x00000f         Data  Gb  vregs.o [4]
?b2                     0x000002         Data  Gb  vregs.o [4]
?b3                     0x000003         Data  Gb  vregs.o [4]
?b4                     0x000004         Data  Gb  vregs.o [4]
?b5                     0x000005         Data  Gb  vregs.o [4]
?b6                     0x000006         Data  Gb  vregs.o [4]
?b7                     0x000007         Data  Gb  vregs.o [4]
?b8                     0x000008         Data  Gb  vregs.o [4]
?b9                     0x000009         Data  Gb  vregs.o [4]
?dc32_l1                0x009331         Code  Gb  dc_util.o [4]
?dc32_px                0x00933e         Code  Gb  dc_util.o [4]
?e0                     0x000001         Data  Gb  vregs.o [4]
?e1                     0x000005         Data  Gb  vregs.o [4]
?e2                     0x000009         Data  Gb  vregs.o [4]
?e3                     0x00000d         Data  Gb  vregs.o [4]
?epilogue_l2            0x008d29         Code  Gb  vreg_util.o [4]
?epilogue_l2_l3         0x008d26         Code  Gb  vreg_util.o [4]
?epilogue_w4            0x008d2d         Code  Gb  vreg_util.o [4]
?fadd32_l0_l0_dc32      0x00839a         Code  Gb  float.o [4]
?fadd32_l0_l0_l1        0x00839f         Code  Gb  float.o [4]
?fcastf32u16_l0_x       0x0084c8         Code  Gb  float.o [4]
?fcasts16f32_x_l0       0x0084e6         Code  Gb  float.o [4]
?fcmplt32_c_l0_0x       0x008472         Code  Gb  float.o [4]
?fcmplt32_c_l0_dc32     0x00846d         Code  Gb  float.o [4]
?l0                     0x000000         Data  Gb  vregs.o [4]
?l1                     0x000004         Data  Gb  vregs.o [4]
?l2                     0x000008         Data  Gb  vregs.o [4]
?l3                     0x00000c         Data  Gb  vregs.o [4]
?load32_0x_l2           0x00909a         Code  Gb  long_util.o [4]
?load32_asp_l2          0x00908e         Code  Gb  long_util.o [4]
?load32_dbsp_l2         0x009089         Code  Gb  long_util.o [4]
?load32_l0_0x           0x009071         Code  Gb  long_util.o [4]
?load32_l0_asp          0x009066         Code  Gb  long_util.o [4]
?load32_l0_dbsp         0x009061         Code  Gb  long_util.o [4]
?load32_l0_xsp          0x009068         Code  Gb  long_util.o [4]
?load32_l1_0x           0x00907d         Code  Gb  long_util.o [4]
?load32_xsp_l2          0x009090         Code  Gb  long_util.o [4]
?mov_e0_e1              0x008d34         Code  Gb  vreg_util.o [4]
?mov_e0_e2              0x008d41         Code  Gb  vreg_util.o [4]
?mov_e2_e0              0x008d4e         Code  Gb  vreg_util.o [4]
?mov_l0_l1              0x008d31         Code  Gb  vreg_util.o [4]
?mov_l0_l2              0x008d3e         Code  Gb  vreg_util.o [4]
?mov_l2_l0              0x008d4b         Code  Gb  vreg_util.o [4]
?mov_w1_w3              0x008d37         Code  Gb  vreg_util.o [4]
?mov_w1_w5              0x008d44         Code  Gb  vreg_util.o [4]
?mov_w5_w1              0x008d51         Code  Gb  vreg_util.o [4]
?move1616_v_x_y_a       0x00939e         Code  Gb  move.o [4]
?mul32_l0_l0_0x         0x008d5b         Code  Gb  long.o [4]
?mul32_l0_l0_dl         0x008d58         Code  Gb  long.o [4]
?mul32_l0_l0_l1         0x008d64         Code  Gb  long.o [4]
?pop_l0                 0x008cf2         Code  Gb  vreg_util.o [4]
?pop_l1                 0x008cfd         Code  Gb  vreg_util.o [4]
?pop_l2                 0x008d08         Code  Gb  vreg_util.o [4]
?pop_l3                 0x008d13         Code  Gb  vreg_util.o [4]
?pop_w4                 0x008cb2         Code  Gb  vreg_util.o [4]
?push_l0                0x008cc1         Code  Gb  vreg_util.o [4]
?push_l1                0x008cc6         Code  Gb  vreg_util.o [4]
?push_l2                0x008ccb         Code  Gb  vreg_util.o [4]
?push_l3                0x008cd0         Code  Gb  vreg_util.o [4]
?push_w4                0x008c9a         Code  Gb  vreg_util.o [4]
?sdiv16_x_x_y           0x00924e         Code  Gb  short.o [4]
?sext32_l0_x            0x008df3         Code  Gb  long.o [4]
?sll16_x_x_a            0x009267         Code  Gb  short.o [4]
?sra32_0x_0x_a          0x008de5         Code  Gb  long.o [4]
?sra32_l0_l0_a          0x008de2         Code  Gb  long.o [4]
?srl16_x_x_4            0x009272         Code  Gb  short.o [4]
?srl16_x_x_5            0x009271         Code  Gb  short.o [4]
?srl16_x_x_6            0x009270         Code  Gb  short.o [4]
?srl16_x_x_7            0x00926f         Code  Gb  short.o [4]
?w0                     0x000000         Data  Gb  vregs.o [4]
?w1                     0x000002         Data  Gb  vregs.o [4]
?w2                     0x000004         Data  Gb  vregs.o [4]
?w3                     0x000006         Data  Gb  vregs.o [4]
?w4                     0x000008         Data  Gb  vregs.o [4]
?w5                     0x00000a         Data  Gb  vregs.o [4]
?w6                     0x00000c         Data  Gb  vregs.o [4]
?w7                     0x00000e         Data  Gb  vregs.o [4]
ADC1_COMP_IRQHandler    0x0093f4    0x1  Code  Gb  stm8l15x_it.o [1]
ADC_ChannelCmd          0x008f6a   0x55  Code  Gb  stm8l15x_adc.o [1]
ADC_Cmd                 0x009384    0xd  Code  Gb  stm8l15x_adc.o [1]
ADC_DeInit              0x008f15   0x55  Code  Gb  stm8l15x_adc.o [1]
ADC_GetConversionValue  0x009223   0x2b  Code  Gb  stm8l15x_adc.o [1]
ADC_Init                0x009277   0x24  Code  Gb  stm8l15x_adc.o [1]
ADC_SoftwareStartConv   0x0093c2    0x5  Code  Gb  stm8l15x_adc.o [1]
CLK_PeripheralClockConfig
                        0x008e8c   0x89  Code  Gb  stm8l15x_clk.o [1]
CLK_RTCClockConfig      0x0093ab    0xa  Code  Gb  stm8l15x_clk.o [1]
CLK_SYSCLKDivConfig     0x0093d0    0x4  Code  Gb  stm8l15x_clk.o [1]
CLK_SYSCLKSourceConfig  0x0093cc    0x4  Code  Gb  stm8l15x_clk.o [1]
CLK_SYSCLKSourceSwitchCmd
                        0x009391    0xd  Code  Gb  stm8l15x_clk.o [1]
CSTACK$$Base            0x000700          --   Gb  - Linker created -
CSTACK$$Limit           0x000800          --   Gb  - Linker created -
DMA1_CHANNEL0_1_IRQHandler
                        0x0093e6    0x1  Code  Gb  stm8l15x_it.o [1]
DMA1_CHANNEL2_3_IRQHandler
                        0x0093e7    0x1  Code  Gb  stm8l15x_it.o [1]
EXTI0_IRQHandler        0x0091c7   0x30  Code  Gb  stm8l15x_it.o [1]
EXTI1_IRQHandler        0x0093ec    0x1  Code  Gb  stm8l15x_it.o [1]
EXTI2_IRQHandler        0x0093ed    0x1  Code  Gb  stm8l15x_it.o [1]
EXTI3_IRQHandler        0x0093ee    0x1  Code  Gb  stm8l15x_it.o [1]
EXTI4_IRQHandler        0x0093ef    0x1  Code  Gb  stm8l15x_it.o [1]
EXTI5_IRQHandler        0x009166   0x31  Code  Gb  stm8l15x_it.o [1]
EXTI6_IRQHandler        0x0093f0    0x1  Code  Gb  stm8l15x_it.o [1]
EXTI7_IRQHandler        0x0093f1    0x1  Code  Gb  stm8l15x_it.o [1]
EXTIB_G_IRQHandler      0x0093ea    0x1  Code  Gb  stm8l15x_it.o [1]
EXTID_H_IRQHandler      0x0093eb    0x1  Code  Gb  stm8l15x_it.o [1]
EXTIE_F_PVD_IRQHandler  0x0093e9    0x1  Code  Gb  stm8l15x_it.o [1]
EXTI_ClearITPendingBit  0x00929b   0x21  Code  Gb  stm8l15x_exti.o [1]
EXTI_SetPinSensitivity  0x0089d5  0x10d  Code  Gb  stm8l15x_exti.o [1]
FLASH_IRQHandler        0x0093e5    0x1  Code  Gb  stm8l15x_it.o [1]
GPIO_ExternalPullUpConfig
                        0x0091f7   0x2c  Code  Gb  stm8l15x_gpio.o [1]
GPIO_Init               0x008dfe   0x8e  Code  Gb  stm8l15x_gpio.o [1]
GPIO_ResetBits          0x0093d4    0x4  Code  Gb  stm8l15x_gpio.o [1]
GPIO_SetBits            0x0093b5    0x7  Code  Gb  stm8l15x_gpio.o [1]
I2C1_SPI2_IRQHandler    0x0093ff    0x1  Code  Gb  stm8l15x_it.o [1]
INTVEC$$Base            0x008000          --   Gb  - Linker created -
INTVEC$$Limit           0x008080          --   Gb  - Linker created -
LCD_AES_IRQHandler      0x0093f2    0x1  Code  Gb  stm8l15x_it.o [1]
LoRa_gotoMode           0x008608   0x63  Code  Gb  lora.o [1]
LoRa_init               0x008ae2   0xed  Code  Gb  lora.o [1]
LoRa_isvalid            0x008764    0x3  Code  Gb  lora.o [1]
LoRa_read               0x008fbf   0x51  Code  Gb  lora.o [1]
LoRa_reset              0x0092e2   0x1b  Code  Gb  lora.o [1]
LoRa_setFrequency       0x00866b   0x42  Code  Gb  lora.o [1]
LoRa_setOCP             0x008707   0x49  Code  Gb  lora.o [1]
LoRa_setPower           0x0086fa    0xd  Code  Gb  lora.o [1]
LoRa_setSpreadingFactor
                        0x0086ad   0x4d  Code  Gb  lora.o [1]
LoRa_setTOMsb_setCRCon  0x008750   0x14  Code  Gb  lora.o [1]
LoRa_transmit           0x008767   0x9f  Code  Gb  lora.o [1]
LoRa_transmitter        0x000010    0xa  Data  Gb  main.o [1]
LoRa_write              0x009010   0x51  Code  Gb  lora.o [1]
RTC_CSSLSE_IRQHandler   0x0093e8    0x1  Code  Gb  stm8l15x_it.o [1]
Region$$Table$$Base     0x0092bc          --   Gb  - Linker created -
Region$$Table$$Limit    0x0092c4          --   Gb  - Linker created -
SPI1_IRQHandler         0x0093fc    0x1  Code  Gb  stm8l15x_it.o [1]
SPI_Cmd                 0x009317    0xd  Code  Gb  stm8l15x_spi.o [1]
SPI_DeInit              0x0092fd   0x1a  Code  Gb  stm8l15x_spi.o [1]
SPI_Init                0x0090eb   0x41  Code  Gb  stm8l15x_spi.o [1]
SPI_ReceiveData         0x00932c    0x5  Code  Gb  stm8l15x_spi.o [1]
SPI_SendData            0x009324    0x8  Code  Gb  stm8l15x_spi.o [1]
SWITCH_CSS_BREAK_DAC_IRQHandler
                        0x0093f3    0x1  Code  Gb  stm8l15x_it.o [1]
TIM1_CC_IRQHandler      0x0093fa    0x1  Code  Gb  stm8l15x_it.o [1]
TIM1_UPD_OVF_TRG_COM_IRQHandler
                        0x0093f9    0x1  Code  Gb  stm8l15x_it.o [1]
TIM2_CC_USART2_RX_IRQHandler
                        0x0093f6    0x1  Code  Gb  stm8l15x_it.o [1]
TIM2_UPD_OVF_TRG_BRK_USART2_TX_IRQHandler
                        0x0093f5    0x1  Code  Gb  stm8l15x_it.o [1]
TIM3_CC_USART3_RX_IRQHandler
                        0x0093f8    0x1  Code  Gb  stm8l15x_it.o [1]
TIM3_UPD_OVF_TRG_BRK_USART3_TX_IRQHandler
                        0x0093f7    0x1  Code  Gb  stm8l15x_it.o [1]
TIM4_UPD_OVF_TRG_IRQHandler
                        0x0093fb    0x1  Code  Gb  stm8l15x_it.o [1]
TRAP_IRQHandler         0x0093e4    0x1  Code  Gb  stm8l15x_it.o [1]
USART1_RX_TIM5_CC_IRQHandler
                        0x0093fe    0x1  Code  Gb  stm8l15x_it.o [1]
USART1_TX_TIM5_UPD_OVF_TRG_BRK_IRQHandler
                        0x0093fd    0x1  Code  Gb  stm8l15x_it.o [1]
__DebugBreak            0x009400    0x1  Code  Gb  __dbg_break.o [3]
__exit                  0x00935d   0x14  Code  Gb  __dbg_xxexit.o [3]
__iar_Dint              0x008bcf   0xcb  Code  Gb  xdint.o [4]
__iar_data_init2        0x009349   0x14  Code  Gb  init.o [4]
__iar_program_start     0x009371         Code  Gb  cstartup.o [4]
__iar_unhandled_exception
                        0x0093e1         Code  Gb  unhandled_exception.o [4]
__iar_zero_init2        0x0092c4         Code  Gb  init_small.o [4]
__intvec                0x008000         Data  Gb  interrupt.o [4]
__low_level_init        0x0093db    0x3  Code  Gb  low_level_init.o [4]
_exit                   0x0093c7         Code  Gb  cexit.o [4]
_interrupt_1            0x0093e4         Code  Gb  stm8l15x_it.o [1]
_interrupt_10           0x0091c7         Code  Gb  stm8l15x_it.o [1]
_interrupt_11           0x0093ec         Code  Gb  stm8l15x_it.o [1]
_interrupt_12           0x0093ed         Code  Gb  stm8l15x_it.o [1]
_interrupt_13           0x0093ee         Code  Gb  stm8l15x_it.o [1]
_interrupt_14           0x0093ef         Code  Gb  stm8l15x_it.o [1]
_interrupt_15           0x009166         Code  Gb  stm8l15x_it.o [1]
_interrupt_16           0x0093f0         Code  Gb  stm8l15x_it.o [1]
_interrupt_17           0x0093f1         Code  Gb  stm8l15x_it.o [1]
_interrupt_18           0x0093f2         Code  Gb  stm8l15x_it.o [1]
_interrupt_19           0x0093f3         Code  Gb  stm8l15x_it.o [1]
_interrupt_20           0x0093f4         Code  Gb  stm8l15x_it.o [1]
_interrupt_21           0x0093f5         Code  Gb  stm8l15x_it.o [1]
_interrupt_22           0x0093f6         Code  Gb  stm8l15x_it.o [1]
_interrupt_23           0x0093f7         Code  Gb  stm8l15x_it.o [1]
_interrupt_24           0x0093f8         Code  Gb  stm8l15x_it.o [1]
_interrupt_25           0x0093f9         Code  Gb  stm8l15x_it.o [1]
_interrupt_26           0x0093fa         Code  Gb  stm8l15x_it.o [1]
_interrupt_27           0x0093fb         Code  Gb  stm8l15x_it.o [1]
_interrupt_28           0x0093fc         Code  Gb  stm8l15x_it.o [1]
_interrupt_29           0x0093fd         Code  Gb  stm8l15x_it.o [1]
_interrupt_3            0x0093e5         Code  Gb  stm8l15x_it.o [1]
_interrupt_30           0x0093fe         Code  Gb  stm8l15x_it.o [1]
_interrupt_31           0x0093ff         Code  Gb  stm8l15x_it.o [1]
_interrupt_4            0x0093e6         Code  Gb  stm8l15x_it.o [1]
_interrupt_5            0x0093e7         Code  Gb  stm8l15x_it.o [1]
_interrupt_6            0x0093e8         Code  Gb  stm8l15x_it.o [1]
_interrupt_7            0x0093e9         Code  Gb  stm8l15x_it.o [1]
_interrupt_8            0x0093ea         Code  Gb  stm8l15x_it.o [1]
_interrupt_9            0x0093eb         Code  Gb  stm8l15x_it.o [1]
axisX_Left              0x00001c    0x2  Data  Gb  main.o [1]
axisX_Right             0x000020    0x2  Data  Gb  main.o [1]
axisY_Left              0x00001a    0x2  Data  Gb  main.o [1]
axisY_Right             0x00001e    0x2  Data  Gb  main.o [1]
data_cmd                0x000022    0x2  Data  Gb  stm8l15x_it.o [1]
delay_ms                0x0090a8   0x43  Code  Gb  delay.o [1]
exit                    0x0093de    0x3  Code  Gb  exit.o [4]
floor                   0x00912c   0x3a  Code  Gb  floor.o [4]
joystick_cmd            0x008080  0x2fd  Code  Lc  main.o [1]
main                    0x008806  0x1cf  Code  Gb  main.o [1]
newLoRa                 0x009197   0x30  Code  Gb  lora.o [1]


[1] = C:\Work\Projects\remote\Debug\Obj
[2] = command line
[3] = dbgstm8smd.a
[4] = dlstm8smn.a

  4 979 bytes of readonly  code memory
    142 bytes of readonly  data memory
    292 bytes of readwrite data memory

Errors: none
Warnings: none
